Change Dir: '/mnt/e/Development/Android/OpenMW/openmw-android/buildscripts/build/arm64/openmw-prefix/src/openmw-build'

Run Build Command(s): /usr/bin/cmake -E env VERBOSE=1 /usr/bin/gmake -f Makefile -j1 openmw
/usr/bin/cmake -P /mnt/e/Development/Android/OpenMW/openmw-android/buildscripts/build/arm64/openmw-prefix/src/openmw-build/CMakeFiles/VerifyGlobs.cmake
/usr/bin/cmake -S/mnt/e/Development/Android/OpenMW/openmw-android/buildscripts/build/arm64/openmw-prefix/src/openmw -B/mnt/e/Development/Android/OpenMW/openmw-android/buildscripts/build/arm64/openmw-prefix/src/openmw-build --check-build-system CMakeFiles/Makefile.cmake 0
/usr/bin/gmake  -f CMakeFiles/Makefile2 openmw
gmake[1]: Entering directory '/mnt/e/Development/Android/OpenMW/openmw-android/buildscripts/build/arm64/openmw-prefix/src/openmw-build'
/usr/bin/cmake -P /mnt/e/Development/Android/OpenMW/openmw-android/buildscripts/build/arm64/openmw-prefix/src/openmw-build/CMakeFiles/VerifyGlobs.cmake
/usr/bin/cmake -S/mnt/e/Development/Android/OpenMW/openmw-android/buildscripts/build/arm64/openmw-prefix/src/openmw -B/mnt/e/Development/Android/OpenMW/openmw-android/buildscripts/build/arm64/openmw-prefix/src/openmw-build --check-build-system CMakeFiles/Makefile.cmake 0
/usr/bin/cmake -E cmake_progress_start /mnt/e/Development/Android/OpenMW/openmw-android/buildscripts/build/arm64/openmw-prefix/src/openmw-build/CMakeFiles 98
/usr/bin/gmake  -f CMakeFiles/Makefile2 apps/openmw/CMakeFiles/openmw.dir/all
gmake[2]: Entering directory '/mnt/e/Development/Android/OpenMW/openmw-android/buildscripts/build/arm64/openmw-prefix/src/openmw-build'
/usr/bin/gmake  -f _deps/yaml-cpp-build/CMakeFiles/yaml-cpp.dir/build.make _deps/yaml-cpp-build/CMakeFiles/yaml-cpp.dir/depend
gmake[3]: Entering directory '/mnt/e/Development/Android/OpenMW/openmw-android/buildscripts/build/arm64/openmw-prefix/src/openmw-build'
cd /mnt/e/Development/Android/OpenMW/openmw-android/buildscripts/build/arm64/openmw-prefix/src/openmw-build && /usr/bin/cmake -E cmake_depends "Unix Makefiles" /mnt/e/Development/Android/OpenMW/openmw-android/buildscripts/build/arm64/openmw-prefix/src/openmw /mnt/e/Development/Android/OpenMW/openmw-android/buildscripts/build/arm64/openmw-prefix/src/openmw-build/extern/fetched/yaml-cpp /mnt/e/Development/Android/OpenMW/openmw-android/buildscripts/build/arm64/openmw-prefix/src/openmw-build /mnt/e/Development/Android/OpenMW/openmw-android/buildscripts/build/arm64/openmw-prefix/src/openmw-build/_deps/yaml-cpp-build /mnt/e/Development/Android/OpenMW/openmw-android/buildscripts/build/arm64/openmw-prefix/src/openmw-build/_deps/yaml-cpp-build/CMakeFiles/yaml-cpp.dir/DependInfo.cmake "--color="
gmake[3]: Leaving directory '/mnt/e/Development/Android/OpenMW/openmw-android/buildscripts/build/arm64/openmw-prefix/src/openmw-build'
/usr/bin/gmake  -f _deps/yaml-cpp-build/CMakeFiles/yaml-cpp.dir/build.make _deps/yaml-cpp-build/CMakeFiles/yaml-cpp.dir/build
gmake[3]: Entering directory '/mnt/e/Development/Android/OpenMW/openmw-android/buildscripts/build/arm64/openmw-prefix/src/openmw-build'
gmake[3]: Nothing to be done for '_deps/yaml-cpp-build/CMakeFiles/yaml-cpp.dir/build'.
gmake[3]: Leaving directory '/mnt/e/Development/Android/OpenMW/openmw-android/buildscripts/build/arm64/openmw-prefix/src/openmw-build'
[  4%] Built target yaml-cpp
/usr/bin/gmake  -f extern/CMakeFiles/sqlite3.dir/build.make extern/CMakeFiles/sqlite3.dir/depend
gmake[3]: Entering directory '/mnt/e/Development/Android/OpenMW/openmw-android/buildscripts/build/arm64/openmw-prefix/src/openmw-build'
cd /mnt/e/Development/Android/OpenMW/openmw-android/buildscripts/build/arm64/openmw-prefix/src/openmw-build && /usr/bin/cmake -E cmake_depends "Unix Makefiles" /mnt/e/Development/Android/OpenMW/openmw-android/buildscripts/build/arm64/openmw-prefix/src/openmw /mnt/e/Development/Android/OpenMW/openmw-android/buildscripts/build/arm64/openmw-prefix/src/openmw/extern /mnt/e/Development/Android/OpenMW/openmw-android/buildscripts/build/arm64/openmw-prefix/src/openmw-build /mnt/e/Development/Android/OpenMW/openmw-android/buildscripts/build/arm64/openmw-prefix/src/openmw-build/extern /mnt/e/Development/Android/OpenMW/openmw-android/buildscripts/build/arm64/openmw-prefix/src/openmw-build/extern/CMakeFiles/sqlite3.dir/DependInfo.cmake "--color="
gmake[3]: Leaving directory '/mnt/e/Development/Android/OpenMW/openmw-android/buildscripts/build/arm64/openmw-prefix/src/openmw-build'
/usr/bin/gmake  -f extern/CMakeFiles/sqlite3.dir/build.make extern/CMakeFiles/sqlite3.dir/build
gmake[3]: Entering directory '/mnt/e/Development/Android/OpenMW/openmw-android/buildscripts/build/arm64/openmw-prefix/src/openmw-build'
gmake[3]: Nothing to be done for 'extern/CMakeFiles/sqlite3.dir/build'.
gmake[3]: Leaving directory '/mnt/e/Development/Android/OpenMW/openmw-android/buildscripts/build/arm64/openmw-prefix/src/openmw-build'
[  4%] Built target sqlite3
/usr/bin/gmake  -f _deps/recastnavigation-build/Recast/CMakeFiles/Recast.dir/build.make _deps/recastnavigation-build/Recast/CMakeFiles/Recast.dir/depend
gmake[3]: Entering directory '/mnt/e/Development/Android/OpenMW/openmw-android/buildscripts/build/arm64/openmw-prefix/src/openmw-build'
cd /mnt/e/Development/Android/OpenMW/openmw-android/buildscripts/build/arm64/openmw-prefix/src/openmw-build && /usr/bin/cmake -E cmake_depends "Unix Makefiles" /mnt/e/Development/Android/OpenMW/openmw-android/buildscripts/build/arm64/openmw-prefix/src/openmw /mnt/e/Development/Android/OpenMW/openmw-android/buildscripts/build/arm64/openmw-prefix/src/openmw-build/extern/fetched/recastnavigation/Recast /mnt/e/Development/Android/OpenMW/openmw-android/buildscripts/build/arm64/openmw-prefix/src/openmw-build /mnt/e/Development/Android/OpenMW/openmw-android/buildscripts/build/arm64/openmw-prefix/src/openmw-build/_deps/recastnavigation-build/Recast /mnt/e/Development/Android/OpenMW/openmw-android/buildscripts/build/arm64/openmw-prefix/src/openmw-build/_deps/recastnavigation-build/Recast/CMakeFiles/Recast.dir/DependInfo.cmake "--color="
gmake[3]: Leaving directory '/mnt/e/Development/Android/OpenMW/openmw-android/buildscripts/build/arm64/openmw-prefix/src/openmw-build'
/usr/bin/gmake  -f _deps/recastnavigation-build/Recast/CMakeFiles/Recast.dir/build.make _deps/recastnavigation-build/Recast/CMakeFiles/Recast.dir/build
gmake[3]: Entering directory '/mnt/e/Development/Android/OpenMW/openmw-android/buildscripts/build/arm64/openmw-prefix/src/openmw-build'
gmake[3]: Nothing to be done for '_deps/recastnavigation-build/Recast/CMakeFiles/Recast.dir/build'.
gmake[3]: Leaving directory '/mnt/e/Development/Android/OpenMW/openmw-android/buildscripts/build/arm64/openmw-prefix/src/openmw-build'
[  5%] Built target Recast
/usr/bin/gmake  -f _deps/recastnavigation-build/Detour/CMakeFiles/Detour.dir/build.make _deps/recastnavigation-build/Detour/CMakeFiles/Detour.dir/depend
gmake[3]: Entering directory '/mnt/e/Development/Android/OpenMW/openmw-android/buildscripts/build/arm64/openmw-prefix/src/openmw-build'
cd /mnt/e/Development/Android/OpenMW/openmw-android/buildscripts/build/arm64/openmw-prefix/src/openmw-build && /usr/bin/cmake -E cmake_depends "Unix Makefiles" /mnt/e/Development/Android/OpenMW/openmw-android/buildscripts/build/arm64/openmw-prefix/src/openmw /mnt/e/Development/Android/OpenMW/openmw-android/buildscripts/build/arm64/openmw-prefix/src/openmw-build/extern/fetched/recastnavigation/Detour /mnt/e/Development/Android/OpenMW/openmw-android/buildscripts/build/arm64/openmw-prefix/src/openmw-build /mnt/e/Development/Android/OpenMW/openmw-android/buildscripts/build/arm64/openmw-prefix/src/openmw-build/_deps/recastnavigation-build/Detour /mnt/e/Development/Android/OpenMW/openmw-android/buildscripts/build/arm64/openmw-prefix/src/openmw-build/_deps/recastnavigation-build/Detour/CMakeFiles/Detour.dir/DependInfo.cmake "--color="
gmake[3]: Leaving directory '/mnt/e/Development/Android/OpenMW/openmw-android/buildscripts/build/arm64/openmw-prefix/src/openmw-build'
/usr/bin/gmake  -f _deps/recastnavigation-build/Detour/CMakeFiles/Detour.dir/build.make _deps/recastnavigation-build/Detour/CMakeFiles/Detour.dir/build
gmake[3]: Entering directory '/mnt/e/Development/Android/OpenMW/openmw-android/buildscripts/build/arm64/openmw-prefix/src/openmw-build'
gmake[3]: Nothing to be done for '_deps/recastnavigation-build/Detour/CMakeFiles/Detour.dir/build'.
gmake[3]: Leaving directory '/mnt/e/Development/Android/OpenMW/openmw-android/buildscripts/build/arm64/openmw-prefix/src/openmw-build'
[  6%] Built target Detour
/usr/bin/gmake  -f _deps/recastnavigation-build/DetourTileCache/CMakeFiles/DetourTileCache.dir/build.make _deps/recastnavigation-build/DetourTileCache/CMakeFiles/DetourTileCache.dir/depend
gmake[3]: Entering directory '/mnt/e/Development/Android/OpenMW/openmw-android/buildscripts/build/arm64/openmw-prefix/src/openmw-build'
cd /mnt/e/Development/Android/OpenMW/openmw-android/buildscripts/build/arm64/openmw-prefix/src/openmw-build && /usr/bin/cmake -E cmake_depends "Unix Makefiles" /mnt/e/Development/Android/OpenMW/openmw-android/buildscripts/build/arm64/openmw-prefix/src/openmw /mnt/e/Development/Android/OpenMW/openmw-android/buildscripts/build/arm64/openmw-prefix/src/openmw-build/extern/fetched/recastnavigation/DetourTileCache /mnt/e/Development/Android/OpenMW/openmw-android/buildscripts/build/arm64/openmw-prefix/src/openmw-build /mnt/e/Development/Android/OpenMW/openmw-android/buildscripts/build/arm64/openmw-prefix/src/openmw-build/_deps/recastnavigation-build/DetourTileCache /mnt/e/Development/Android/OpenMW/openmw-android/buildscripts/build/arm64/openmw-prefix/src/openmw-build/_deps/recastnavigation-build/DetourTileCache/CMakeFiles/DetourTileCache.dir/DependInfo.cmake "--color="
gmake[3]: Leaving directory '/mnt/e/Development/Android/OpenMW/openmw-android/buildscripts/build/arm64/openmw-prefix/src/openmw-build'
/usr/bin/gmake  -f _deps/recastnavigation-build/DetourTileCache/CMakeFiles/DetourTileCache.dir/build.make _deps/recastnavigation-build/DetourTileCache/CMakeFiles/DetourTileCache.dir/build
gmake[3]: Entering directory '/mnt/e/Development/Android/OpenMW/openmw-android/buildscripts/build/arm64/openmw-prefix/src/openmw-build'
gmake[3]: Nothing to be done for '_deps/recastnavigation-build/DetourTileCache/CMakeFiles/DetourTileCache.dir/build'.
gmake[3]: Leaving directory '/mnt/e/Development/Android/OpenMW/openmw-android/buildscripts/build/arm64/openmw-prefix/src/openmw-build'
[  6%] Built target DetourTileCache
/usr/bin/gmake  -f _deps/recastnavigation-build/DebugUtils/CMakeFiles/DebugUtils.dir/build.make _deps/recastnavigation-build/DebugUtils/CMakeFiles/DebugUtils.dir/depend
gmake[3]: Entering directory '/mnt/e/Development/Android/OpenMW/openmw-android/buildscripts/build/arm64/openmw-prefix/src/openmw-build'
cd /mnt/e/Development/Android/OpenMW/openmw-android/buildscripts/build/arm64/openmw-prefix/src/openmw-build && /usr/bin/cmake -E cmake_depends "Unix Makefiles" /mnt/e/Development/Android/OpenMW/openmw-android/buildscripts/build/arm64/openmw-prefix/src/openmw /mnt/e/Development/Android/OpenMW/openmw-android/buildscripts/build/arm64/openmw-prefix/src/openmw-build/extern/fetched/recastnavigation/DebugUtils /mnt/e/Development/Android/OpenMW/openmw-android/buildscripts/build/arm64/openmw-prefix/src/openmw-build /mnt/e/Development/Android/OpenMW/openmw-android/buildscripts/build/arm64/openmw-prefix/src/openmw-build/_deps/recastnavigation-build/DebugUtils /mnt/e/Development/Android/OpenMW/openmw-android/buildscripts/build/arm64/openmw-prefix/src/openmw-build/_deps/recastnavigation-build/DebugUtils/CMakeFiles/DebugUtils.dir/DependInfo.cmake "--color="
gmake[3]: Leaving directory '/mnt/e/Development/Android/OpenMW/openmw-android/buildscripts/build/arm64/openmw-prefix/src/openmw-build'
/usr/bin/gmake  -f _deps/recastnavigation-build/DebugUtils/CMakeFiles/DebugUtils.dir/build.make _deps/recastnavigation-build/DebugUtils/CMakeFiles/DebugUtils.dir/build
gmake[3]: Entering directory '/mnt/e/Development/Android/OpenMW/openmw-android/buildscripts/build/arm64/openmw-prefix/src/openmw-build'
gmake[3]: Nothing to be done for '_deps/recastnavigation-build/DebugUtils/CMakeFiles/DebugUtils.dir/build'.
gmake[3]: Leaving directory '/mnt/e/Development/Android/OpenMW/openmw-android/buildscripts/build/arm64/openmw-prefix/src/openmw-build'
[  6%] Built target DebugUtils
/usr/bin/gmake  -f extern/smhasher/CMakeFiles/smhasher.dir/build.make extern/smhasher/CMakeFiles/smhasher.dir/depend
gmake[3]: Entering directory '/mnt/e/Development/Android/OpenMW/openmw-android/buildscripts/build/arm64/openmw-prefix/src/openmw-build'
cd /mnt/e/Development/Android/OpenMW/openmw-android/buildscripts/build/arm64/openmw-prefix/src/openmw-build && /usr/bin/cmake -E cmake_depends "Unix Makefiles" /mnt/e/Development/Android/OpenMW/openmw-android/buildscripts/build/arm64/openmw-prefix/src/openmw /mnt/e/Development/Android/OpenMW/openmw-android/buildscripts/build/arm64/openmw-prefix/src/openmw/extern/smhasher /mnt/e/Development/Android/OpenMW/openmw-android/buildscripts/build/arm64/openmw-prefix/src/openmw-build /mnt/e/Development/Android/OpenMW/openmw-android/buildscripts/build/arm64/openmw-prefix/src/openmw-build/extern/smhasher /mnt/e/Development/Android/OpenMW/openmw-android/buildscripts/build/arm64/openmw-prefix/src/openmw-build/extern/smhasher/CMakeFiles/smhasher.dir/DependInfo.cmake "--color="
gmake[3]: Leaving directory '/mnt/e/Development/Android/OpenMW/openmw-android/buildscripts/build/arm64/openmw-prefix/src/openmw-build'
/usr/bin/gmake  -f extern/smhasher/CMakeFiles/smhasher.dir/build.make extern/smhasher/CMakeFiles/smhasher.dir/build
gmake[3]: Entering directory '/mnt/e/Development/Android/OpenMW/openmw-android/buildscripts/build/arm64/openmw-prefix/src/openmw-build'
gmake[3]: Nothing to be done for 'extern/smhasher/CMakeFiles/smhasher.dir/build'.
gmake[3]: Leaving directory '/mnt/e/Development/Android/OpenMW/openmw-android/buildscripts/build/arm64/openmw-prefix/src/openmw-build'
[  6%] Built target smhasher
/usr/bin/gmake  -f components/CMakeFiles/components.dir/build.make components/CMakeFiles/components.dir/depend
gmake[3]: Entering directory '/mnt/e/Development/Android/OpenMW/openmw-android/buildscripts/build/arm64/openmw-prefix/src/openmw-build'
cd /mnt/e/Development/Android/OpenMW/openmw-android/buildscripts/build/arm64/openmw-prefix/src/openmw-build && /usr/bin/cmake -E cmake_depends "Unix Makefiles" /mnt/e/Development/Android/OpenMW/openmw-android/buildscripts/build/arm64/openmw-prefix/src/openmw /mnt/e/Development/Android/OpenMW/openmw-android/buildscripts/build/arm64/openmw-prefix/src/openmw/components /mnt/e/Development/Android/OpenMW/openmw-android/buildscripts/build/arm64/openmw-prefix/src/openmw-build /mnt/e/Development/Android/OpenMW/openmw-android/buildscripts/build/arm64/openmw-prefix/src/openmw-build/components /mnt/e/Development/Android/OpenMW/openmw-android/buildscripts/build/arm64/openmw-prefix/src/openmw-build/components/CMakeFiles/components.dir/DependInfo.cmake "--color="
gmake[3]: Leaving directory '/mnt/e/Development/Android/OpenMW/openmw-android/buildscripts/build/arm64/openmw-prefix/src/openmw-build'
/usr/bin/gmake  -f components/CMakeFiles/components.dir/build.make components/CMakeFiles/components.dir/build
gmake[3]: Entering directory '/mnt/e/Development/Android/OpenMW/openmw-android/buildscripts/build/arm64/openmw-prefix/src/openmw-build'
gmake[3]: Nothing to be done for 'components/CMakeFiles/components.dir/build'.
gmake[3]: Leaving directory '/mnt/e/Development/Android/OpenMW/openmw-android/buildscripts/build/arm64/openmw-prefix/src/openmw-build'
[ 56%] Built target components
/usr/bin/gmake  -f extern/osg-ffmpeg-videoplayer/CMakeFiles/osg-ffmpeg-videoplayer.dir/build.make extern/osg-ffmpeg-videoplayer/CMakeFiles/osg-ffmpeg-videoplayer.dir/depend
gmake[3]: Entering directory '/mnt/e/Development/Android/OpenMW/openmw-android/buildscripts/build/arm64/openmw-prefix/src/openmw-build'
cd /mnt/e/Development/Android/OpenMW/openmw-android/buildscripts/build/arm64/openmw-prefix/src/openmw-build && /usr/bin/cmake -E cmake_depends "Unix Makefiles" /mnt/e/Development/Android/OpenMW/openmw-android/buildscripts/build/arm64/openmw-prefix/src/openmw /mnt/e/Development/Android/OpenMW/openmw-android/buildscripts/build/arm64/openmw-prefix/src/openmw/extern/osg-ffmpeg-videoplayer /mnt/e/Development/Android/OpenMW/openmw-android/buildscripts/build/arm64/openmw-prefix/src/openmw-build /mnt/e/Development/Android/OpenMW/openmw-android/buildscripts/build/arm64/openmw-prefix/src/openmw-build/extern/osg-ffmpeg-videoplayer /mnt/e/Development/Android/OpenMW/openmw-android/buildscripts/build/arm64/openmw-prefix/src/openmw-build/extern/osg-ffmpeg-videoplayer/CMakeFiles/osg-ffmpeg-videoplayer.dir/DependInfo.cmake "--color="
gmake[3]: Leaving directory '/mnt/e/Development/Android/OpenMW/openmw-android/buildscripts/build/arm64/openmw-prefix/src/openmw-build'
/usr/bin/gmake  -f extern/osg-ffmpeg-videoplayer/CMakeFiles/osg-ffmpeg-videoplayer.dir/build.make extern/osg-ffmpeg-videoplayer/CMakeFiles/osg-ffmpeg-videoplayer.dir/build
gmake[3]: Entering directory '/mnt/e/Development/Android/OpenMW/openmw-android/buildscripts/build/arm64/openmw-prefix/src/openmw-build'
gmake[3]: Nothing to be done for 'extern/osg-ffmpeg-videoplayer/CMakeFiles/osg-ffmpeg-videoplayer.dir/build'.
gmake[3]: Leaving directory '/mnt/e/Development/Android/OpenMW/openmw-android/buildscripts/build/arm64/openmw-prefix/src/openmw-build'
[ 57%] Built target osg-ffmpeg-videoplayer
/usr/bin/gmake  -f extern/oics/CMakeFiles/local_tinyxml.dir/build.make extern/oics/CMakeFiles/local_tinyxml.dir/depend
gmake[3]: Entering directory '/mnt/e/Development/Android/OpenMW/openmw-android/buildscripts/build/arm64/openmw-prefix/src/openmw-build'
cd /mnt/e/Development/Android/OpenMW/openmw-android/buildscripts/build/arm64/openmw-prefix/src/openmw-build && /usr/bin/cmake -E cmake_depends "Unix Makefiles" /mnt/e/Development/Android/OpenMW/openmw-android/buildscripts/build/arm64/openmw-prefix/src/openmw /mnt/e/Development/Android/OpenMW/openmw-android/buildscripts/build/arm64/openmw-prefix/src/openmw/extern/oics /mnt/e/Development/Android/OpenMW/openmw-android/buildscripts/build/arm64/openmw-prefix/src/openmw-build /mnt/e/Development/Android/OpenMW/openmw-android/buildscripts/build/arm64/openmw-prefix/src/openmw-build/extern/oics /mnt/e/Development/Android/OpenMW/openmw-android/buildscripts/build/arm64/openmw-prefix/src/openmw-build/extern/oics/CMakeFiles/local_tinyxml.dir/DependInfo.cmake "--color="
gmake[3]: Leaving directory '/mnt/e/Development/Android/OpenMW/openmw-android/buildscripts/build/arm64/openmw-prefix/src/openmw-build'
/usr/bin/gmake  -f extern/oics/CMakeFiles/local_tinyxml.dir/build.make extern/oics/CMakeFiles/local_tinyxml.dir/build
gmake[3]: Entering directory '/mnt/e/Development/Android/OpenMW/openmw-android/buildscripts/build/arm64/openmw-prefix/src/openmw-build'
gmake[3]: Nothing to be done for 'extern/oics/CMakeFiles/local_tinyxml.dir/build'.
gmake[3]: Leaving directory '/mnt/e/Development/Android/OpenMW/openmw-android/buildscripts/build/arm64/openmw-prefix/src/openmw-build'
[ 57%] Built target local_tinyxml
/usr/bin/gmake  -f extern/oics/CMakeFiles/oics.dir/build.make extern/oics/CMakeFiles/oics.dir/depend
gmake[3]: Entering directory '/mnt/e/Development/Android/OpenMW/openmw-android/buildscripts/build/arm64/openmw-prefix/src/openmw-build'
cd /mnt/e/Development/Android/OpenMW/openmw-android/buildscripts/build/arm64/openmw-prefix/src/openmw-build && /usr/bin/cmake -E cmake_depends "Unix Makefiles" /mnt/e/Development/Android/OpenMW/openmw-android/buildscripts/build/arm64/openmw-prefix/src/openmw /mnt/e/Development/Android/OpenMW/openmw-android/buildscripts/build/arm64/openmw-prefix/src/openmw/extern/oics /mnt/e/Development/Android/OpenMW/openmw-android/buildscripts/build/arm64/openmw-prefix/src/openmw-build /mnt/e/Development/Android/OpenMW/openmw-android/buildscripts/build/arm64/openmw-prefix/src/openmw-build/extern/oics /mnt/e/Development/Android/OpenMW/openmw-android/buildscripts/build/arm64/openmw-prefix/src/openmw-build/extern/oics/CMakeFiles/oics.dir/DependInfo.cmake "--color="
gmake[3]: Leaving directory '/mnt/e/Development/Android/OpenMW/openmw-android/buildscripts/build/arm64/openmw-prefix/src/openmw-build'
/usr/bin/gmake  -f extern/oics/CMakeFiles/oics.dir/build.make extern/oics/CMakeFiles/oics.dir/build
gmake[3]: Entering directory '/mnt/e/Development/Android/OpenMW/openmw-android/buildscripts/build/arm64/openmw-prefix/src/openmw-build'
gmake[3]: Nothing to be done for 'extern/oics/CMakeFiles/oics.dir/build'.
gmake[3]: Leaving directory '/mnt/e/Development/Android/OpenMW/openmw-android/buildscripts/build/arm64/openmw-prefix/src/openmw-build'
[ 58%] Built target oics
/usr/bin/gmake  -f apps/openmw/CMakeFiles/openmw-lib.dir/build.make apps/openmw/CMakeFiles/openmw-lib.dir/depend
gmake[3]: Entering directory '/mnt/e/Development/Android/OpenMW/openmw-android/buildscripts/build/arm64/openmw-prefix/src/openmw-build'
cd /mnt/e/Development/Android/OpenMW/openmw-android/buildscripts/build/arm64/openmw-prefix/src/openmw-build && /usr/bin/cmake -E cmake_depends "Unix Makefiles" /mnt/e/Development/Android/OpenMW/openmw-android/buildscripts/build/arm64/openmw-prefix/src/openmw /mnt/e/Development/Android/OpenMW/openmw-android/buildscripts/build/arm64/openmw-prefix/src/openmw/apps/openmw /mnt/e/Development/Android/OpenMW/openmw-android/buildscripts/build/arm64/openmw-prefix/src/openmw-build /mnt/e/Development/Android/OpenMW/openmw-android/buildscripts/build/arm64/openmw-prefix/src/openmw-build/apps/openmw /mnt/e/Development/Android/OpenMW/openmw-android/buildscripts/build/arm64/openmw-prefix/src/openmw-build/apps/openmw/CMakeFiles/openmw-lib.dir/DependInfo.cmake "--color="
gmake[3]: Leaving directory '/mnt/e/Development/Android/OpenMW/openmw-android/buildscripts/build/arm64/openmw-prefix/src/openmw-build'
/usr/bin/gmake  -f apps/openmw/CMakeFiles/openmw-lib.dir/build.make apps/openmw/CMakeFiles/openmw-lib.dir/build
gmake[3]: Entering directory '/mnt/e/Development/Android/OpenMW/openmw-android/buildscripts/build/arm64/openmw-prefix/src/openmw-build'
gmake[3]: Nothing to be done for 'apps/openmw/CMakeFiles/openmw-lib.dir/build'.
gmake[3]: Leaving directory '/mnt/e/Development/Android/OpenMW/openmw-android/buildscripts/build/arm64/openmw-prefix/src/openmw-build'
[ 98%] Built target openmw-lib
/usr/bin/gmake  -f apps/openmw/CMakeFiles/openmw.dir/build.make apps/openmw/CMakeFiles/openmw.dir/depend
gmake[3]: Entering directory '/mnt/e/Development/Android/OpenMW/openmw-android/buildscripts/build/arm64/openmw-prefix/src/openmw-build'
cd /mnt/e/Development/Android/OpenMW/openmw-android/buildscripts/build/arm64/openmw-prefix/src/openmw-build && /usr/bin/cmake -E cmake_depends "Unix Makefiles" /mnt/e/Development/Android/OpenMW/openmw-android/buildscripts/build/arm64/openmw-prefix/src/openmw /mnt/e/Development/Android/OpenMW/openmw-android/buildscripts/build/arm64/openmw-prefix/src/openmw/apps/openmw /mnt/e/Development/Android/OpenMW/openmw-android/buildscripts/build/arm64/openmw-prefix/src/openmw-build /mnt/e/Development/Android/OpenMW/openmw-android/buildscripts/build/arm64/openmw-prefix/src/openmw-build/apps/openmw /mnt/e/Development/Android/OpenMW/openmw-android/buildscripts/build/arm64/openmw-prefix/src/openmw-build/apps/openmw/CMakeFiles/openmw.dir/DependInfo.cmake "--color="
gmake[3]: Leaving directory '/mnt/e/Development/Android/OpenMW/openmw-android/buildscripts/build/arm64/openmw-prefix/src/openmw-build'
/usr/bin/gmake  -f apps/openmw/CMakeFiles/openmw.dir/build.make apps/openmw/CMakeFiles/openmw.dir/build
gmake[3]: Entering directory '/mnt/e/Development/Android/OpenMW/openmw-android/buildscripts/build/arm64/openmw-prefix/src/openmw-build'
[100%] Linking CXX shared library ../../libopenmw.so
cd /mnt/e/Development/Android/OpenMW/openmw-android/buildscripts/build/arm64/openmw-prefix/src/openmw-build/apps/openmw && /usr/bin/cmake -E cmake_link_script CMakeFiles/openmw.dir/link.txt --verbose=1
/mnt/e/Development/Android/OpenMW/openmw-android/buildscripts/toolchain/ndk/toolchains/llvm/prebuilt/linux-x86_64/bin/clang++ --target=aarch64-none-linux-android21 --sysroot=/mnt/e/Development/Android/OpenMW/openmw-android/buildscripts/toolchain/ndk/toolchains/llvm/prebuilt/linux-x86_64/sysroot -fPIC -g -DANDROID -fdata-sections -ffunction-sections -funwind-tables -fstack-protector-strong -no-canonical-prefixes -D_FORTIFY_SOURCE=2 -Wformat -Werror=format-security -frtti -fexceptions -I/mnt/e/Development/Android/OpenMW/openmw-android/buildscripts/prefix/arm64/include/ -fPIC -frtti -fexceptions -O3 -flto -O3 -DNDEBUG  -Wl,--whole-archive /mnt/e/Development/Android/OpenMW/openmw-android/buildscripts/prefix/arm64/lib/osgPlugins-3.6.5/osgdb_bmp.a /mnt/e/Development/Android/OpenMW/openmw-android/buildscripts/prefix/arm64/lib/osgPlugins-3.6.5/osgdb_dae.a /mnt/e/Development/Android/OpenMW/openmw-android/buildscripts/prefix/arm64/lib/osgPlugins-3.6.5/osgdb_dds.a /mnt/e/Development/Android/OpenMW/openmw-android/buildscripts/prefix/arm64/lib/osgPlugins-3.6.5/osgdb_freetype.a /mnt/e/Development/Android/OpenMW/openmw-android/buildscripts/prefix/arm64/lib/osgPlugins-3.6.5/osgdb_jpeg.a /mnt/e/Development/Android/OpenMW/openmw-android/buildscripts/prefix/arm64/lib/osgPlugins-3.6.5/osgdb_osg.a /mnt/e/Development/Android/OpenMW/openmw-android/buildscripts/prefix/arm64/lib/osgPlugins-3.6.5/osgdb_png.a /mnt/e/Development/Android/OpenMW/openmw-android/buildscripts/prefix/arm64/lib/osgPlugins-3.6.5/osgdb_serializers_osg.a /mnt/e/Development/Android/OpenMW/openmw-android/buildscripts/prefix/arm64/lib/osgPlugins-3.6.5/osgdb_tga.a -Wl,--no-whole-archive -Wl,--build-id=sha1 -Wl,--no-rosegment -Wl,--no-undefined-version -Wl,--fatal-warnings -Wl,--no-undefined -Qunused-arguments -fPIC -Wl,--undefined-version -flto -Wl,-plugin-opt=-emulated-tls -fuse-ld=lld -Wl,--gc-sections  -shared -Wl,-soname,libopenmw.so -o ../../libopenmw.so CMakeFiles/openmw.dir/main.cpp.o CMakeFiles/openmw.dir/androidmain.cpp.o   -L/mnt/e/Development/Android/OpenMW/openmw-android/buildscripts/prefix/arm64/lib  libopenmw-lib.a -lc++experimental /mnt/e/Development/Android/OpenMW/openmw-android/buildscripts/prefix/arm64/lib/libosgAnimation.a /mnt/e/Development/Android/OpenMW/openmw-android/buildscripts/prefix/arm64/lib/libosgDB.a /mnt/e/Development/Android/OpenMW/openmw-android/buildscripts/prefix/arm64/lib/libosgGA.a /mnt/e/Development/Android/OpenMW/openmw-android/buildscripts/prefix/arm64/lib/libosgFX.a /mnt/e/Development/Android/OpenMW/openmw-android/buildscripts/prefix/arm64/lib/libosgParticle.a /mnt/e/Development/Android/OpenMW/openmw-android/buildscripts/prefix/arm64/lib/libosgText.a /mnt/e/Development/Android/OpenMW/openmw-android/buildscripts/prefix/arm64/lib/libosgUtil.a /mnt/e/Development/Android/OpenMW/openmw-android/buildscripts/prefix/arm64/lib/libosgShadow.a /mnt/e/Development/Android/OpenMW/openmw-android/buildscripts/prefix/arm64/lib/libosgSim.a /mnt/e/Development/Android/OpenMW/openmw-android/buildscripts/prefix/arm64/lib/libosgViewer.a /mnt/e/Development/Android/OpenMW/openmw-android/buildscripts/prefix/arm64/lib/libosg.a /mnt/e/Development/Android/OpenMW/openmw-android/buildscripts/prefix/arm64/lib/libOpenThreads.a /mnt/e/Development/Android/OpenMW/openmw-android/buildscripts/prefix/arm64/lib/osgPlugins-3.6.5/osgdb_bmp.a /mnt/e/Development/Android/OpenMW/openmw-android/buildscripts/prefix/arm64/lib/osgPlugins-3.6.5/osgdb_dae.a /mnt/e/Development/Android/OpenMW/openmw-android/buildscripts/prefix/arm64/lib/osgPlugins-3.6.5/osgdb_dds.a /mnt/e/Development/Android/OpenMW/openmw-android/buildscripts/prefix/arm64/lib/osgPlugins-3.6.5/osgdb_freetype.a /mnt/e/Development/Android/OpenMW/openmw-android/buildscripts/prefix/arm64/lib/osgPlugins-3.6.5/osgdb_jpeg.a /mnt/e/Development/Android/OpenMW/openmw-android/buildscripts/prefix/arm64/lib/osgPlugins-3.6.5/osgdb_osg.a /mnt/e/Development/Android/OpenMW/openmw-android/buildscripts/prefix/arm64/lib/osgPlugins-3.6.5/osgdb_png.a /mnt/e/Development/Android/OpenMW/openmw-android/buildscripts/prefix/arm64/lib/osgPlugins-3.6.5/osgdb_serializers_osg.a /mnt/e/Development/Android/OpenMW/openmw-android/buildscripts/prefix/arm64/lib/osgPlugins-3.6.5/osgdb_tga.a /mnt/e/Development/Android/OpenMW/openmw-android/buildscripts/prefix/arm64/lib/libpng.a /mnt/e/Development/Android/OpenMW/openmw-android/buildscripts/prefix/arm64/lib/libz.so /mnt/e/Development/Android/OpenMW/openmw-android/buildscripts/prefix/arm64/lib/libjpeg.a -lfreetype -ljpeg -lpng /mnt/e/Development/Android/OpenMW/openmw-android/buildscripts/prefix/arm64/lib/libopenal.so ../../extern/osg-ffmpeg-videoplayer/libosg-ffmpeg-videoplayer.a /mnt/e/Development/Android/OpenMW/openmw-android/buildscripts/prefix/arm64/lib/libavcodec.a /mnt/e/Development/Android/OpenMW/openmw-android/buildscripts/prefix/arm64/lib/libavformat.a /mnt/e/Development/Android/OpenMW/openmw-android/buildscripts/prefix/arm64/lib/libavutil.a /mnt/e/Development/Android/OpenMW/openmw-android/buildscripts/prefix/arm64/lib/libswscale.a /mnt/e/Development/Android/OpenMW/openmw-android/buildscripts/prefix/arm64/lib/libswresample.a ../../extern/oics/liboics.a ../../extern/oics/liblocal_tinyxml.a ../../components/libcomponents.a /mnt/e/Development/Android/OpenMW/openmw-android/buildscripts/prefix/arm64/lib/libboost_program_options.a /mnt/e/Development/Android/OpenMW/openmw-android/buildscripts/prefix/arm64/lib/libSDL2.so -lcollada-dom2.5-dp /mnt/e/Development/Android/OpenMW/openmw-android/buildscripts/prefix/arm64/lib/libboost_iostreams.a /mnt/e/Development/Android/OpenMW/openmw-android/buildscripts/prefix/arm64/lib/libGL.so /mnt/e/Development/Android/OpenMW/openmw-android/buildscripts/prefix/arm64/lib/libMyGUIEngineStatic.a /mnt/e/Development/Android/OpenMW/openmw-android/buildscripts/prefix/arm64/lib/libluajit-5.1.a /mnt/e/Development/Android/OpenMW/openmw-android/buildscripts/prefix/arm64/lib/liblz4.a ../../_deps/recastnavigation-build/DebugUtils/libDebugUtils.a ../../_deps/recastnavigation-build/DetourTileCache/libDetourTileCache.a ../../_deps/recastnavigation-build/Detour/libDetour.a ../../_deps/recastnavigation-build/Recast/libRecast.a ../../extern/libsqlite3.a -ldl ../../extern/smhasher/libsmhasher.a /mnt/e/Development/Android/OpenMW/openmw-android/buildscripts/prefix/arm64/lib/libicuuc.a /mnt/e/Development/Android/OpenMW/openmw-android/buildscripts/prefix/arm64/lib/libicui18n.a /mnt/e/Development/Android/OpenMW/openmw-android/buildscripts/prefix/arm64/lib/libicudata.a ../../_deps/yaml-cpp-build/libyaml-cpp.a /mnt/e/Development/Android/OpenMW/openmw-android/buildscripts/prefix/arm64/lib/libBulletCollision.a /mnt/e/Development/Android/OpenMW/openmw-android/buildscripts/prefix/arm64/lib/libLinearMath.a /mnt/e/Development/Android/OpenMW/openmw-android/buildscripts/prefix/arm64/lib/libfreetype.a /mnt/e/Development/Android/OpenMW/openmw-android/buildscripts/prefix/arm64/lib/libjpeg.a /mnt/e/Development/Android/OpenMW/openmw-android/buildscripts/prefix/arm64/lib/libpng.a /mnt/e/Development/Android/OpenMW/openmw-android/buildscripts/prefix/arm64/lib/libz.so -lEGL -landroid -llog -lz -pthread /mnt/e/Development/Android/OpenMW/openmw-android/buildscripts/prefix/arm64/lib/libosgAnimation.a /mnt/e/Development/Android/OpenMW/openmw-android/buildscripts/prefix/arm64/lib/libosgDB.a /mnt/e/Development/Android/OpenMW/openmw-android/buildscripts/prefix/arm64/lib/libosgGA.a /mnt/e/Development/Android/OpenMW/openmw-android/buildscripts/prefix/arm64/lib/libosgParticle.a /mnt/e/Development/Android/OpenMW/openmw-android/buildscripts/prefix/arm64/lib/libosgText.a /mnt/e/Development/Android/OpenMW/openmw-android/buildscripts/prefix/arm64/lib/libosgUtil.a /mnt/e/Development/Android/OpenMW/openmw-android/buildscripts/prefix/arm64/lib/libosgShadow.a /mnt/e/Development/Android/OpenMW/openmw-android/buildscripts/prefix/arm64/lib/libosgSim.a /mnt/e/Development/Android/OpenMW/openmw-android/buildscripts/prefix/arm64/lib/libosgViewer.a /mnt/e/Development/Android/OpenMW/openmw-android/buildscripts/prefix/arm64/lib/libosg.a /mnt/e/Development/Android/OpenMW/openmw-android/buildscripts/prefix/arm64/lib/libOpenThreads.a -latomic -lm 
